Archive member included to satisfy reference by file (symbol)

.\CortexM3\ARM_GCC_541\Debug\Analog Read.a(CyLib.o)
                              .\CortexM3\ARM_GCC_541\Debug\Cm3Start.o (CyHalt)
.\CortexM3\ARM_GCC_541\Debug\Analog Read.a(cyPm.o)
                              .\CortexM3\ARM_GCC_541\Debug\Analog Read.a(CyLib.o) (CyPmReadStatus)
.\CortexM3\ARM_GCC_541\Debug\Analog Read.a(UART.o)
                              .\CortexM3\ARM_GCC_541\Debug\main.o (UART_Start)
.\CortexM3\ARM_GCC_541\Debug\Analog Read.a(ADC.o)
                              .\CortexM3\ARM_GCC_541\Debug\main.o (ADC_Start)
.\CortexM3\ARM_GCC_541\Debug\Analog Read.a(ADC_INT.o)
                              .\CortexM3\ARM_GCC_541\Debug\Analog Read.a(ADC.o) (ADC_ISR)
.\CortexM3\ARM_GCC_541\Debug\Analog Read.a(UART_IntClock.o)
                              .\CortexM3\ARM_GCC_541\Debug\Analog Read.a(UART.o) (UART_IntClock_Start)
.\CortexM3\ARM_GCC_541\Debug\Analog Read.a(ADC_theACLK.o)
                              .\CortexM3\ARM_GCC_541\Debug\Analog Read.a(ADC.o) (ADC_theACLK_SetModeRegister)
.\CortexM3\ARM_GCC_541\Debug\Analog Read.a(ack.o)
                              .\CortexM3\ARM_GCC_541\Debug\main.o (ack_Write)
.\CortexM3\ARM_GCC_541\Debug\Analog Read.a(no_rx.o)
                              .\CortexM3\ARM_GCC_541\Debug\main.o (no_rx_Write)
.\CortexM3\ARM_GCC_541\Debug\Analog Read.a(CyBootAsmGnu.o)
                              .\CortexM3\ARM_GCC_541\Debug\cyfitter_cfg.o (CyDelayCycles)
.\CortexM3\ARM_GCC_541\Debug\Analog Read.a(CyFlash.o)
                              .\CortexM3\ARM_GCC_541\Debug\Analog Read.a(cyPm.o) (CyFlash_SetWaitCycles)
.\CortexM3\ARM_GCC_541\Debug\Analog Read.a(CySpc.o)
                              .\CortexM3\ARM_GCC_541\Debug\Analog Read.a(CyFlash.o) (CySpcStart)
d:/cypress/psoc creator/4.4/psoc creator/import/gnu/arm/5.4.1/bin/../lib/gcc/arm-none-eabi/5.4.1/armv7-m\libgcc.a(_arm_addsubsf3.o)
                              .\CortexM3\ARM_GCC_541\Debug\Analog Read.a(ADC.o) (__aeabi_i2f)
d:/cypress/psoc creator/4.4/psoc creator/import/gnu/arm/5.4.1/bin/../lib/gcc/arm-none-eabi/5.4.1/armv7-m\libgcc.a(_arm_muldivsf3.o)
                              .\CortexM3\ARM_GCC_541\Debug\Analog Read.a(ADC.o) (__aeabi_fmul)
d:/cypress/psoc creator/4.4/psoc creator/import/gnu/arm/5.4.1/bin/../lib/gcc/arm-none-eabi/5.4.1/armv7-m\libgcc.a(_aeabi_ldivmod.o)
                              .\CortexM3\ARM_GCC_541\Debug\Analog Read.a(ADC.o) (__aeabi_ldivmod)
d:/cypress/psoc creator/4.4/psoc creator/import/gnu/arm/5.4.1/bin/../lib/gcc/arm-none-eabi/5.4.1/armv7-m\libgcc.a(_udivmoddi4.o)
                              d:/cypress/psoc creator/4.4/psoc creator/import/gnu/arm/5.4.1/bin/../lib/gcc/arm-none-eabi/5.4.1/armv7-m\libgcc.a(_aeabi_ldivmod.o) (__udivmoddi4)
d:/cypress/psoc creator/4.4/psoc creator/import/gnu/arm/5.4.1/bin/../lib/gcc/arm-none-eabi/5.4.1/armv7-m\libgcc.a(_dvmd_tls.o)
                              d:/cypress/psoc creator/4.4/psoc creator/import/gnu/arm/5.4.1/bin/../lib/gcc/arm-none-eabi/5.4.1/armv7-m\libgcc.a(_aeabi_ldivmod.o) (__aeabi_ldiv0)
d:/cypress/psoc creator/4.4/psoc creator/import/gnu/arm/5.4.1/bin/../lib/gcc/arm-none-eabi/5.4.1/../../../../arm-none-eabi/lib/armv7-m\libg_nano.a(lib_a-errno.o)
                              .\CortexM3\ARM_GCC_541\Debug\Cm3Start.o (__errno)
d:/cypress/psoc creator/4.4/psoc creator/import/gnu/arm/5.4.1/bin/../lib/gcc/arm-none-eabi/5.4.1/../../../../arm-none-eabi/lib/armv7-m\libg_nano.a(lib_a-exit.o)
                              d:/cypress/psoc creator/4.4/psoc creator/import/gnu/arm/5.4.1/bin/../lib/gcc/arm-none-eabi/5.4.1/../../../../arm-none-eabi/lib/armv7-m/crt0.o (exit)
d:/cypress/psoc creator/4.4/psoc creator/import/gnu/arm/5.4.1/bin/../lib/gcc/arm-none-eabi/5.4.1/../../../../arm-none-eabi/lib/armv7-m\libg_nano.a(lib_a-impure.o)
                              d:/cypress/psoc creator/4.4/psoc creator/import/gnu/arm/5.4.1/bin/../lib/gcc/arm-none-eabi/5.4.1/../../../../arm-none-eabi/lib/armv7-m\libg_nano.a(lib_a-exit.o) (_global_impure_ptr)
d:/cypress/psoc creator/4.4/psoc creator/import/gnu/arm/5.4.1/bin/../lib/gcc/arm-none-eabi/5.4.1/../../../../arm-none-eabi/lib/armv7-m\libg_nano.a(lib_a-init.o)
                              d:/cypress/psoc creator/4.4/psoc creator/import/gnu/arm/5.4.1/bin/../lib/gcc/arm-none-eabi/5.4.1/../../../../arm-none-eabi/lib/armv7-m/crt0.o (__libc_init_array)
d:/cypress/psoc creator/4.4/psoc creator/import/gnu/arm/5.4.1/bin/../lib/gcc/arm-none-eabi/5.4.1/../../../../arm-none-eabi/lib/armv7-m\libg_nano.a(lib_a-memcpy-stub.o)
                              .\CortexM3\ARM_GCC_541\Debug\cyfitter_cfg.o (memcpy)
d:/cypress/psoc creator/4.4/psoc creator/import/gnu/arm/5.4.1/bin/../lib/gcc/arm-none-eabi/5.4.1/../../../../arm-none-eabi/lib/armv7-m\libg_nano.a(lib_a-memset.o)
                              d:/cypress/psoc creator/4.4/psoc creator/import/gnu/arm/5.4.1/bin/../lib/gcc/arm-none-eabi/5.4.1/../../../../arm-none-eabi/lib/armv7-m/crt0.o (memset)
[...]
Memory Configuration

Name             Origin             Length             Attributes
rom              0x00000000         0x00040000         xr
ram              0x1fff8000         0x00010000         xrw
*default*        0x00000000         0xffffffff

Linker script and memory map

LOAD d:/cypress/psoc creator/4.4/psoc creator/import/gnu/arm/5.4.1/bin/../lib/gcc/arm-none-eabi/5.4.1/armv7-m/crti.o
LOAD d:/cypress/psoc creator/4.4/psoc creator/import/gnu/arm/5.4.1/bin/../lib/gcc/arm-none-eabi/5.4.1/armv7-m/crtbegin.o
LOAD d:/cypress/psoc creator/4.4/psoc creator/import/gnu/arm/5.4.1/bin/../lib/gcc/arm-none-eabi/5.4.1/../../../../arm-none-eabi/lib/armv7-m/crt0.o
START GROUP
LOAD .\CortexM3\ARM_GCC_541\Debug\main.o
LOAD .\CortexM3\ARM_GCC_541\Debug\cyfitter_cfg.o
LOAD .\CortexM3\ARM_GCC_541\Debug\cymetadata.o
LOAD .\CortexM3\ARM_GCC_541\Debug\Cm3Start.o
LOAD .\CortexM3\ARM_GCC_541\Debug\Analog Read.a
LOAD D:\Cypress\PSoC Creator\4.4\PSoC Creator\psoc\content\cycomponentlibrary\CyComponentLibrary.cylib\CortexM3\ARM_GCC_541\Debug\CyComponentLibrary.a
END GROUP
START GROUP
LOAD d:/cypress/psoc creator/4.4/psoc creator/import/gnu/arm/5.4.1/bin/../lib/gcc/arm-none-eabi/5.4.1/armv7-m\libgcc.a
LOAD d:/cypress/psoc creator/4.4/psoc creator/import/gnu/arm/5.4.1/bin/../lib/gcc/arm-none-eabi/5.4.1/../../../../arm-none-eabi/lib/armv7-m\libg_nano.a
LOAD d:/cypress/psoc creator/4.4/psoc creator/import/gnu/arm/5.4.1/bin/../lib/gcc/arm-none-eabi/5.4.1/../../../../arm-none-eabi/lib/armv7-m\libc_nano.a
END GROUP
START GROUP
LOAD d:/cypress/psoc creator/4.4/psoc creator/import/gnu/arm/5.4.1/bin/../lib/gcc/arm-none-eabi/5.4.1/armv7-m\libgcc.a
LOAD d:/cypress/psoc creator/4.4/psoc creator/import/gnu/arm/5.4.1/bin/../lib/gcc/arm-none-eabi/5.4.1/../../../../arm-none-eabi/lib/armv7-m\libc_nano.a
END GROUP
LOAD d:/cypress/psoc creator/4.4/psoc creator/import/gnu/arm/5.4.1/bin/../lib/gcc/arm-none-eabi/5.4.1/armv7-m/crtend.o
LOAD d:/cypress/psoc creator/4.4/psoc creator/import/gnu/arm/5.4.1/bin/../lib/gcc/arm-none-eabi/5.4.1/armv7-m/crtn.o
START GROUP
LOAD d:/cypress/psoc creator/4.4/psoc creator/import/gnu/arm/5.4.1/bin/../lib/gcc/arm-none-eabi/5.4.1/armv7-m\libgcc.a
LOAD d:/cypress/psoc creator/4.4/psoc creator/import/gnu/arm/5.4.1/bin/../lib/gcc/arm-none-eabi/5.4.1/../../../../arm-none-eabi/lib/armv7-m\libc.a
LOAD d:/cypress/psoc creator/4.4/psoc creator/import/gnu/arm/5.4.1/bin/../lib/gcc/arm-none-eabi/5.4.1/../../../../arm-none-eabi/lib/armv7-m\libnosys.a
END GROUP
                0x00000000                CY_APPL_ORIGIN = 0x0
                0x00000100                CY_FLASH_ROW_SIZE = 0x100
                0x00000020                CY_ECC_ROW_SIZE = 0x20
                0x00000000                CY_EE_IN_BTLDR = 0x0
                0x00000000                CY_APPL_LOADABLE = 0x0
                0x00000800                CY_EE_SIZE = 0x800
                0x00000001                CY_APPL_NUM = 0x1
                0x00000001                CY_APPL_MAX = 0x1
                0x00000040                CY_METADATA_SIZE = 0x40
                0x00000000                CY_APPL_LOADABLE = 0x0
                0x00000000                CY_CHECKSUM_EXCLUDE_SIZE = ALIGN (0x0, CY_FLASH_ROW_SIZE)
                [!provide]                PROVIDE (__cy_heap_start, _end)
                0x00000001                PROVIDE (__cy_region_num, ((__cy_regions_end - __cy_regions) / 0x10))
                0x20008000                PROVIDE (__cy_stack, (ORIGIN (ram) + LENGTH (ram)))
                [!provide]                PROVIDE (__cy_heap_end, (__cy_stack - 0x800))

.cybootloader   0x00000000        0x0
 *(.cybootloader)
                0x00000000                appl1_start = CY_APPL_ORIGIN?CY_APPL_ORIGIN:ALIGN (CY_FLASH_ROW_SIZE)
                0x0001ff00                appl2_start = (appl1_start + ALIGN ((((LENGTH (rom) - appl1_start) - (0x2 * CY_FLASH_ROW_SIZE)) / 0x2), CY_FLASH_ROW_SIZE))
                0x00000000                appl_start = (CY_APPL_NUM == 0x1)?appl1_start:appl2_start
                0x00000000                ecc_offset = ((appl_start / CY_FLASH_ROW_SIZE) * CY_ECC_ROW_SIZE)
                0x00000000                ee_offset = (CY_APPL_LOADABLE && ! (CY_EE_IN_BTLDR))?((CY_EE_SIZE / CY_APPL_MAX) * (CY_APPL_NUM - 0x1)):0x0
                0x00000800                ee_size = (CY_APPL_LOADABLE && ! (CY_EE_IN_BTLDR))?(CY_EE_SIZE / CY_APPL_MAX):CY_EE_SIZE
                [!provide]                PROVIDE (CY_ECC_OFFSET, ecc_offset)

.text           0x00000000     0x11f8
 CREATE_OBJECT_SYMBOLS
                0x00000000                PROVIDE (__cy_interrupt_vector, RomVectors)
 *(.romvectors)
 .romvectors    0x00000000       0x10 .\CortexM3\ARM_GCC_541\Debug\Cm3Start.o
                0x00000000                RomVectors
                0x00000001                ASSERT ((. != __cy_interrupt_vector), No interrupt vector)
                0x00000001                ASSERT (CY_APPL_ORIGIN?(SIZEOF (.cybootloader) <= CY_APPL_ORIGIN):0x1, Wrong image location)
                0x00000010                PROVIDE (__cy_reset, Reset)
 *(.text.Reset)
 .text.Reset    0x00000010       0x18 .\CortexM3\ARM_GCC_541\Debug\Cm3Start.o
                0x00000010                Reset
                0x00000001                ASSERT ((. != __cy_reset), No reset code)
 *(.dma_init)
                0x00000001                ASSERT ((((appl_start + .) <= 0x10000) || 0x1), DMA Init must be within the first 64k of flash)
 *(.text .text.* .gnu.linkonce.t.*)
 .text          0x00000028       0x5c d:/cypress/psoc creator/4.4/psoc creator/import/gnu/arm/5.4.1/bin/../lib/gcc/arm-none-eabi/5.4.1/armv7-m/crtbegin.o
 .text.main     0x00000084       0x84 .\CortexM3\ARM_GCC_541\Debug\main.o
                0x00000084                main
 .text.CyClockStartupError
                0x00000108        0x4 .\CortexM3\ARM_GCC_541\Debug\cyfitter_cfg.o
 .text.cfg_write_bytes32
                0x0000010c       0x34 .\CortexM3\ARM_GCC_541\Debug\cyfitter_cfg.o
 .text.CYMEMZERO
                0x00000140        0xc .\CortexM3\ARM_GCC_541\Debug\cyfitter_cfg.o
 .text.AnalogSetDefault
                0x0000014c       0x7c .\CortexM3\ARM_GCC_541\Debug\cyfitter_cfg.o
 .text.CYCONFIGCPY
                0x000001c8        0x8 .\CortexM3\ARM_GCC_541\Debug\cyfitter_cfg.o
 .text.ClockSetup
                0x000001d0       0xe8 .\CortexM3\ARM_GCC_541\Debug\cyfitter_cfg.o
 .text.cyfitter_cfg
                0x000002b8      0x120 .\CortexM3\ARM_GCC_541\Debug\cyfitter_cfg.o
                0x000002b8                cyfitter_cfg
 .text.IntDefaultHandler
                0x000003d8       0x10 .\CortexM3\ARM_GCC_541\Debug\Cm3Start.o
                0x000003d8                IntDefaultHandler
 .text._sbrk    0x000003e8       0x30 .\CortexM3\ARM_GCC_541\Debug\Cm3Start.o
                0x000003e8                _sbrk
 .text.Start_c  0x00000418       0x4c .\CortexM3\ARM_GCC_541\Debug\Cm3Start.o
                0x00000418                Start_c
 .text.initialize_psoc
                0x00000464       0x68 .\CortexM3\ARM_GCC_541\Debug\Cm3Start.o
                0x00000464                initialize_psoc
 .text.CyHalt   0x000004cc        0x4 .\CortexM3\ARM_GCC_541\Debug\Analog Read.a(CyLib.o)
                0x000004cc                CyHalt
 .text.CyDelay  0x000004d0       0x2c .\CortexM3\ARM_GCC_541\Debug\Analog Read.a(CyLib.o)
                0x000004d0                CyDelay
 .text.CyDelayUs
                0x000004fc       0x14 .\CortexM3\ARM_GCC_541\Debug\Analog Read.a(CyLib.o)
                0x000004fc                CyDelayUs
 .text.CyIntSetVector
                0x00000510       0x28 .\CortexM3\ARM_GCC_541\Debug\Analog Read.a(CyLib.o)
                0x00000510                CyIntSetVector
 .text.CyIntSetPriority
                0x00000538       0x30 .\CortexM3\ARM_GCC_541\Debug\Analog Read.a(CyLib.o)
                0x00000538                CyIntSetPriority
 .text.UART_Init
                0x00000568       0x24 .\CortexM3\ARM_GCC_541\Debug\Analog Read.a(UART.o)
                0x00000568                UART_Init
 .text.UART_Enable
                0x0000058c       0x38 .\CortexM3\ARM_GCC_541\Debug\Analog Read.a(UART.o)
                0x0000058c                UART_Enable
 .text.UART_Start
                0x000005c4       0x1c .\CortexM3\ARM_GCC_541\Debug\Analog Read.a(UART.o)
                0x000005c4                UART_Start
 .text.UART_ReadRxData
                0x000005e0        0xc .\CortexM3\ARM_GCC_541\Debug\Analog Read.a(UART.o)
                0x000005e0                UART_ReadRxData
 .text.UART_ReadRxStatus
                0x000005ec       0x10 .\CortexM3\ARM_GCC_541\Debug\Analog Read.a(UART.o)
                0x000005ec                UART_ReadRxStatus
 .text.UART_ClearRxBuffer
                0x000005fc       0x24 .\CortexM3\ARM_GCC_541\Debug\Analog Read.a(UART.o)
                0x000005fc                UART_ClearRxBuffer
 .text.UART_PutChar
                0x00000620       0x18 .\CortexM3\ARM_GCC_541\Debug\Analog Read.a(UART.o)
                0x00000620                UART_PutChar
 .text.UART_PutString
                0x00000638       0x24 .\CortexM3\ARM_GCC_541\Debug\Analog Read.a(UART.o)
                0x00000638                UART_PutString
 .text.UART_PutCRLF
                0x0000065c       0x20 .\CortexM3\ARM_GCC_541\Debug\Analog Read.a(UART.o)
                0x0000065c                UART_PutCRLF
 .text.ADC_CalcGain
                0x0000067c       0x64 .\CortexM3\ARM_GCC_541\Debug\Analog Read.a(ADC.o)
 .text.ADC_Enable
                0x000006e0       0x94 .\CortexM3\ARM_GCC_541\Debug\Analog Read.a(ADC.o)
                0x000006e0                ADC_Enable
 .text.ADC_SetResolution
                0x00000774       0x38 .\CortexM3\ARM_GCC_541\Debug\Analog Read.a(ADC.o)
                0x00000774                ADC_SetResolution
 .text.ADC_Init
                0x000007ac       0x3c .\CortexM3\ARM_GCC_541\Debug\Analog Read.a(ADC.o)
                0x000007ac                ADC_Init
 .text.ADC_Start
                0x000007e8       0x1c .\CortexM3\ARM_GCC_541\Debug\Analog Read.a(ADC.o)
                0x000007e8                ADC_Start
 .text.ADC_StartConvert
                0x00000804       0x10 .\CortexM3\ARM_GCC_541\Debug\Analog Read.a(ADC.o)
                0x00000804                ADC_StartConvert
 .text.ADC_IsEndConversion
                0x00000814       0x24 .\CortexM3\ARM_GCC_541\Debug\Analog Read.a(ADC.o)
                0x00000814                ADC_IsEndConversion
 .text.ADC_GetResult16
                0x00000838       0x18 .\CortexM3\ARM_GCC_541\Debug\Analog Read.a(ADC.o)
                0x00000838                ADC_GetResult16
 .text.ADC_CountsTo_mVolts
                0x00000850       0x58 .\CortexM3\ARM_GCC_541\Debug\Analog Read.a(ADC.o)
                0x00000850                ADC_CountsTo_mVolts
 .text.ADC_ISR  0x000008a8        0x4 .\CortexM3\ARM_GCC_541\Debug\Analog Read.a(ADC_INT.o)
                0x000008a8                ADC_ISR
 .text.UART_IntClock_Start
                0x000008ac       0x1c .\CortexM3\ARM_GCC_541\Debug\Analog Read.a(UART_IntClock.o)
                0x000008ac                UART_IntClock_Start
 .text.ADC_theACLK_SetModeRegister
                0x000008c8       0x14 .\CortexM3\ARM_GCC_541\Debug\Analog Read.a(ADC_theACLK.o)
                0x000008c8                ADC_theACLK_SetModeRegister
 .text.ack_Write
                0x000008dc       0x18 .\CortexM3\ARM_GCC_541\Debug\Analog Read.a(ack.o)
                0x000008dc                ack_Write
 .text.no_rx_Write
                0x000008f4       0x18 .\CortexM3\ARM_GCC_541\Debug\Analog Read.a(no_rx.o)
                0x000008f4                no_rx_Write
 *fill*         0x0000090c        0x4 
 .text          0x00000910       0x20 .\CortexM3\ARM_GCC_541\Debug\Analog Read.a(CyBootAsmGnu.o)
                0x00000910                CyDelayCycles
                0x00000920                CyEnterCriticalSection
                0x00000928                CyExitCriticalSection
 .text.__errno  0x00000930        0xc d:/cypress/psoc creator/4.4/psoc creator/import/gnu/arm/5.4.1/bin/../lib/gcc/arm-none-eabi/5.4.1/../../../../arm-none-eabi/lib/armv7-m\libg_nano.a(lib_a-errno.o)
                0x00000930                __errno
 .text.__libc_init_array
                0x0000093c       0x4c d:/cypress/psoc creator/4.4/psoc creator/import/gnu/arm/5.4.1/bin/../lib/gcc/arm-none-eabi/5.4.1/../../../../arm-none-eabi/lib/armv7-m\libg_nano.a(lib_a-init.o)
                0x0000093c                __libc_init_array
 .text.memcpy   0x00000988       0x16 d:/cypress/psoc creator/4.4/psoc creator/import/gnu/arm/5.4.1/bin/../lib/gcc/arm-none-eabi/5.4.1/../../../../arm-none-eabi/lib/armv7-m\libg_nano.a(lib_a-memcpy-stub.o)
                0x00000988                memcpy
 .text.memset   0x0000099e       0x10 d:/cypress/psoc creator/4.4/psoc creator/import/gnu/arm/5.4.1/bin/../lib/gcc/arm-none-eabi/5.4.1/../../../../arm-none-eabi/lib/armv7-m\libg_nano.a(lib_a-memset.o)
                0x0000099e                memset
 *fill*         0x000009ae        0x2 
 .text.sprintf  0x000009b0       0x48 d:/cypress/psoc creator/4.4/psoc creator/import/gnu/arm/5.4.1/bin/../lib/gcc/arm-none-eabi/5.4.1/../../../../arm-none-eabi/lib/armv7-m\libg_nano.a(lib_a-sprintf.o)
                0x000009b0                siprintf
                0x000009b0                sprintf
 .text.__ssputs_r
                0x000009f8       0xb2 d:/cypress/psoc creator/4.4/psoc creator/import/gnu/arm/5.4.1/bin/../lib/gcc/arm-none-eabi/5.4.1/../../../../arm-none-eabi/lib/armv7-m\libg_nano.a(lib_a-nano-svfprintf.o)
                0x000009f8                __ssputs_r
 *fill*         0x00000aaa        0x2 
 .text._svfprintf_r
                0x00000aac      0x1e8 d:/cypress/psoc creator/4.4/psoc creator/import/gnu/arm/5.4.1/bin/../lib/gcc/arm-none-eabi/5.4.1/../../../../arm-none-eabi/lib/armv7-m\libg_nano.a(lib_a-nano-svfprintf.o)
                0x00000aac                _svfiprintf_r
                0x00000aac                _svfprintf_r
 .text._printf_common
                0x00000c94       0xec d:/cypress/psoc creator/4.4/psoc creator/import/gnu/arm/5.4.1/bin/../lib/gcc/arm-none-eabi/5.4.1/../../../../arm-none-eabi/lib/armv7-m\libg_nano.a(lib_a-nano-vfprintf_i.o)
                0x00000c94                _printf_common
 .text._printf_i
                0x00000d80      0x24c d:/cypress/psoc creator/4.4/psoc creator/import/gnu/arm/5.4.1/bin/../lib/gcc/arm-none-eabi/5.4.1/../../../../arm-none-eabi/lib/armv7-m\libg_nano.a(lib_a-nano-vfprintf_i.o)
                0x00000d80                _printf_i
 .text.memchr   0x00000fcc       0x1c d:/cypress/psoc creator/4.4/psoc creator/import/gnu/arm/5.4.1/bin/../lib/gcc/arm-none-eabi/5.4.1/../../../../arm-none-eabi/lib/armv7-m\libg_nano.a(lib_a-memchr-stub.o)
                0x00000fcc                memchr
 .text.memmove  0x00000fe8       0x36 d:/cypress/psoc creator/4.4/psoc creator/import/gnu/arm/5.4.1/bin/../lib/gcc/arm-none-eabi/5.4.1/../../../../arm-none-eabi/lib/armv7-m\libg_nano.a(lib_a-memmove.o)
                0x00000fe8                memmove
 *fill*         0x0000101e        0x2 
 .text._free_r  0x00001020       0x98 d:/cypress/psoc creator/4.4/psoc creator/import/gnu/arm/5.4.1/bin/../lib/gcc/arm-none-eabi/5.4.1/../../../../arm-none-eabi/lib/armv7-m\libg_nano.a(lib_a-nano-freer.o)
                0x00001020                _free_r
 .text._malloc_r
                0x000010b8       0xbc d:/cypress/psoc creator/4.4/psoc creator/import/gnu/arm/5.4.1/bin/../lib/gcc/arm-none-eabi/5.4.1/../../../../arm-none-eabi/lib/armv7-m\libg_nano.a(lib_a-nano-mallocr.o)
                0x000010b8                _malloc_r
 .text._realloc_r
                0x00001174       0x4c d:/cypress/psoc creator/4.4/psoc creator/import/gnu/arm/5.4.1/bin/../lib/gcc/arm-none-eabi/5.4.1/../../../../arm-none-eabi/lib/armv7-m\libg_nano.a(lib_a-nano-reallocr.o)
                0x00001174                _realloc_r
 .text._sbrk_r  0x000011c0       0x20 d:/cypress/psoc creator/4.4/psoc creator/import/gnu/arm/5.4.1/bin/../lib/gcc/arm-none-eabi/5.4.1/../../../../arm-none-eabi/lib/armv7-m\libg_nano.a(lib_a-sbrkr.o)
                0x000011c0                _sbrk_r
 .text.__malloc_lock
                0x000011e0        0x2 d:/cypress/psoc creator/4.4/psoc creator/import/gnu/arm/5.4.1/bin/../lib/gcc/arm-none-eabi/5.4.1/../../../../arm-none-eabi/lib/armv7-m\libg_nano.a(lib_a-mlock.o)
                0x000011e0                __malloc_lock
 .text.__malloc_unlock
                0x000011e2        0x2 d:/cypress/psoc creator/4.4/psoc creator/import/gnu/arm/5.4.1/bin/../lib/gcc/arm-none-eabi/5.4.1/../../../../arm-none-eabi/lib/armv7-m\libg_nano.a(lib_a-mlock.o)
                0x000011e2                __malloc_unlock
 .text._malloc_usable_size_r
                0x000011e4       0x14 d:/cypress/psoc creator/4.4/psoc creator/import/gnu/arm/5.4.1/bin/../lib/gcc/arm-none-eabi/5.4.1/../../../../arm-none-eabi/lib/armv7-m\libg_nano.a(lib_a-nano-msizer.o)
                0x000011e4                _malloc_usable_size_r
 *(.plt)
 *(.gnu.warning)
 *(.glue_7t)
 .glue_7t       0x000011f8        0x0 linker stubs
 *(.glue_7)
 .glue_7        0x000011f8        0x0 linker stubs
 *(.vfp11_veneer)
 .vfp11_veneer  0x000011f8        0x0 linker stubs
 *(.bootloader)
 *(.ARM.extab* .gnu.linkonce.armextab.*)
 *(.gcc_except_table)

.v4_bx          0x000011f8        0x0
 .v4_bx         0x000011f8        0x0 linker stubs

.iplt           0x000011f8        0x0
 .iplt          0x000011f8        0x0 d:/cypress/psoc creator/4.4/psoc creator/import/gnu/arm/5.4.1/bin/../lib/gcc/arm-none-eabi/5.4.1/armv7-m/crtbegin.o

.eh_frame_hdr
 *(.eh_frame_hdr)

.eh_frame       0x000011f8        0x4
 *(.eh_frame)
 .eh_frame      0x000011f8        0x0 d:/cypress/psoc creator/4.4/psoc creator/import/gnu/arm/5.4.1/bin/../lib/gcc/arm-none-eabi/5.4.1/armv7-m/crtbegin.o
 .eh_frame      0x000011f8        0x4 d:/cypress/psoc creator/4.4/psoc creator/import/gnu/arm/5.4.1/bin/../lib/gcc/arm-none-eabi/5.4.1/armv7-m/crtend.o
                [!provide]                PROVIDE (__exidx_start, .)

.ARM.exidx
 *(.ARM.exidx* .gnu.linkonce.armexidx.*)
                0x000011fc                __exidx_end = .

.rodata         0x000011fc       0xb4
 *(.rodata .rodata.* .gnu.linkonce.r.*)
 .rodata.str1.4
                0x000011fc        0x4 .\CortexM3\ARM_GCC_541\Debug\main.o
                                  0x3 (size before relaxing)
 .rodata        0x00001200       0x42 .\CortexM3\ARM_GCC_541\Debug\cyfitter_cfg.o
 .rodata.str1.1
                0x00001242        0x2 d:/cypress/psoc creator/4.4/psoc creator/import/gnu/arm/5.4.1/bin/../lib/gcc/arm-none-eabi/5.4.1/../../../../arm-none-eabi/lib/armv7-m\libg_nano.a(lib_a-impure.o)
 .rodata.str1.1
                0x00001244       0x11 d:/cypress/psoc creator/4.4/psoc creator/import/gnu/arm/5.4.1/bin/../lib/gcc/arm-none-eabi/5.4.1/../../../../arm-none-eabi/lib/armv7-m\libg_nano.a(lib_a-nano-svfprintf.o)
 .rodata.str1.1
                0x00001255       0x22 d:/cypress/psoc creator/4.4/psoc creator/import/gnu/arm/5.4.1/bin/../lib/gcc/arm-none-eabi/5.4.1/../../../../arm-none-eabi/lib/armv7-m\libg_nano.a(lib_a-nano-vfprintf_i.o)
                0x00001278                . = ALIGN (0x4)
 *fill*         0x00001277        0x1 
 *(.init)
 .init          0x00001278        0x4 d:/cypress/psoc creator/4.4/psoc creator/import/gnu/arm/5.4.1/bin/../lib/gcc/arm-none-eabi/5.4.1/armv7-m/crti.o
                0x00001278                _init
 .init          0x0000127c        0x8 d:/cypress/psoc creator/4.4/psoc creator/import/gnu/arm/5.4.1/bin/../lib/gcc/arm-none-eabi/5.4.1/armv7-m/crtn.o
                0x00001284                . = ALIGN (0x4)
                0x00001284                __preinit_array_start = .
 *(.preinit_array)
                0x00001284                __preinit_array_end = .
                0x00001284                . = ALIGN (0x4)
                0x00001284                __init_array_start = .
 *(SORT(.init_array.*))
 *(.init_array)
 .init_array    0x00001284        0x4 d:/cypress/psoc creator/4.4/psoc creator/import/gnu/arm/5.4.1/bin/../lib/gcc/arm-none-eabi/5.4.1/armv7-m/crtbegin.o
 .init_array    0x00001288        0x4 .\CortexM3\ARM_GCC_541\Debug\Cm3Start.o
                0x0000128c                __init_array_end = .
                0x0000128c                . = ALIGN (0x4)
 *(.fini)
 .fini          0x0000128c        0x4 d:/cypress/psoc creator/4.4/psoc creator/import/gnu/arm/5.4.1/bin/../lib/gcc/arm-none-eabi/5.4.1/armv7-m/crti.o
                0x0000128c                _fini
 .fini          0x00001290        0x8 d:/cypress/psoc creator/4.4/psoc creator/import/gnu/arm/5.4.1/bin/../lib/gcc/arm-none-eabi/5.4.1/armv7-m/crtn.o
                0x00001298                . = ALIGN (0x4)
                0x00001298                __fini_array_start = .
 *(.fini_array)
 .fini_array    0x00001298        0x4 d:/cypress/psoc creator/4.4/psoc creator/import/gnu/arm/5.4.1/bin/../lib/gcc/arm-none-eabi/5.4.1/armv7-m/crtbegin.o
 *(SORT(.fini_array.*))
                0x0000129c                __fini_array_end = .
                0x0000129c                . = ALIGN (0x4)
 *crtbegin.o(.ctors)
 *(EXCLUDE_FILE(*crtend.o) .ctors)
 *(SORT(.ctors.*))
 *crtend.o(.ctors)
                0x0000129c                . = ALIGN (0x4)
 *crtbegin.o(.dtors)
 *(EXCLUDE_FILE(*crtend.o) .dtors)
 *(SORT(.dtors.*))
 *crtend.o(.dtors)
                0x0000129c                . = ALIGN (0x4)
                0x0000129c                __cy_regions = .
                0x0000129c        0x4 LONG 0x12b0 __cy_region_init_ram
                0x000012a0        0x4 LONG 0x1fff80c8 __cy_region_start_data
                0x000012a4        0x4 LONG 0x80 __cy_region_init_size_ram
                0x000012a8        0x4 LONG 0x38 __cy_region_zero_size_ram
                0x000012ac                __cy_regions_end = .
                0x000012b0                . = ALIGN (0x8)
 *fill*         0x000012ac        0x4 
                0x000012b0                _etext = .

.cy_checksum_exclude
                0x000012b0        0x0
 *(.cy_checksum_exclude)

.ramvectors     0x1fff8000       0xc0
                0x1fff8000                __cy_region_start_ram = .
 *(.ramvectors)
 .ramvectors    0x1fff8000       0xc0 .\CortexM3\ARM_GCC_541\Debug\Cm3Start.o
                0x1fff8000                CyRamVectors

.noinit         0x1fff80c0        0x1
 *(.noinit)
 .noinit        0x1fff80c0        0x1 .\CortexM3\ARM_GCC_541\Debug\Analog Read.a(CyLib.o)
                0x1fff80c0                CyResetStatus

.data           0x1fff80c8       0x80 load address 0x000012b0
                0x1fff80c8                __cy_region_start_data = .
 *(.jcr)
 .jcr           0x1fff80c8        0x0 d:/cypress/psoc creator/4.4/psoc creator/import/gnu/arm/5.4.1/bin/../lib/gcc/arm-none-eabi/5.4.1/armv7-m/crtbegin.o
 .jcr           0x1fff80c8        0x4 d:/cypress/psoc creator/4.4/psoc creator/import/gnu/arm/5.4.1/bin/../lib/gcc/arm-none-eabi/5.4.1/armv7-m/crtend.o
 *(.got.plt)
 *(.got)
 *(.shdata)
 *(.data .data.* .gnu.linkonce.d.*)
 .data          0x1fff80cc        0x4 .\CortexM3\ARM_GCC_541\Debug\Cm3Start.o
 .data          0x1fff80d0       0x10 .\CortexM3\ARM_GCC_541\Debug\Analog Read.a(CyLib.o)
                0x1fff80d0                cydelay_32k_ms
                0x1fff80d4                cydelay_freq_khz
                0x1fff80d8                cydelay_freq_mhz
                0x1fff80dc                cydelay_freq_hz
 .data.impure_data
                0x1fff80e0       0x60 d:/cypress/psoc creator/4.4/psoc creator/import/gnu/arm/5.4.1/bin/../lib/gcc/arm-none-eabi/5.4.1/../../../../arm-none-eabi/lib/armv7-m\libg_nano.a(lib_a-impure.o)
 .data._impure_ptr
                0x1fff8140        0x4 d:/cypress/psoc creator/4.4/psoc creator/import/gnu/arm/5.4.1/bin/../lib/gcc/arm-none-eabi/5.4.1/../../../../arm-none-eabi/lib/armv7-m\libg_nano.a(lib_a-impure.o)
                0x1fff8140                _impure_ptr
                0x1fff8148                . = ALIGN (0x8)
 *fill*         0x1fff8144        0x4 
 *(.ram)
                0x1fff8148                _edata = .

.igot.plt       0x1fff8148        0x0 load address 0x00001330
 .igot.plt      0x1fff8148        0x0 d:/cypress/psoc creator/4.4/psoc creator/import/gnu/arm/5.4.1/bin/../lib/gcc/arm-none-eabi/5.4.1/armv7-m/crtbegin.o

.bss            0x1fff8148       0x38 load address 0x00001330
                0x1fff8148                PROVIDE (__bss_start__, .)
 *(.shbss)
 *(.bss .bss.* .gnu.linkonce.b.*)
 .bss           0x1fff8148       0x1c d:/cypress/psoc creator/4.4/psoc creator/import/gnu/arm/5.4.1/bin/../lib/gcc/arm-none-eabi/5.4.1/armv7-m/crtbegin.o
 .bss           0x1fff8164        0x2 .\CortexM3\ARM_GCC_541\Debug\Analog Read.a(UART.o)
                0x1fff8164                UART_initVar
 .bss           0x1fff8166        0x1 .\CortexM3\ARM_GCC_541\Debug\Analog Read.a(ADC.o)
                0x1fff8166                ADC_initVar
 *fill*         0x1fff8167        0x1 
 .bss.__malloc_sbrk_start
                0x1fff8168        0x4 d:/cypress/psoc creator/4.4/psoc creator/import/gnu/arm/5.4.1/bin/../lib/gcc/arm-none-eabi/5.4.1/../../../../arm-none-eabi/lib/armv7-m\libg_nano.a(lib_a-nano-mallocr.o)
                0x1fff8168                __malloc_sbrk_start
 .bss.__malloc_free_list
                0x1fff816c        0x4 d:/cypress/psoc creator/4.4/psoc creator/import/gnu/arm/5.4.1/bin/../lib/gcc/arm-none-eabi/5.4.1/../../../../arm-none-eabi/lib/armv7-m\libg_nano.a(lib_a-nano-mallocr.o)
                0x1fff816c                __malloc_free_list
 *(COMMON)
 COMMON         0x1fff8170        0xa .\CortexM3\ARM_GCC_541\Debug\Analog Read.a(ADC.o)
                0x1fff8170                ADC_countsPer10Volt
                0x1fff8174                ADC_shift
                0x1fff8176                ADC_countsPerVolt
                0x1fff8178                ADC_offset
 *fill*         0x1fff817a        0x2 
 COMMON         0x1fff817c        0x4 d:/cypress/psoc creator/4.4/psoc creator/import/gnu/arm/5.4.1/bin/../lib/gcc/arm-none-eabi/5.4.1/../../../../arm-none-eabi/lib/armv7-m\libg_nano.a(lib_a-reent.o)
                0x1fff817c                errno
                0x1fff8180                . = ALIGN (0x8)
 *(.ram.b)
                0x1fff8180                _end = .
                0x1fff8180                __end = .
                0x1fff8180                PROVIDE (end, .)
                0x1fff8180                PROVIDE (__bss_end__, .)
                0x000012b0                __cy_region_init_ram = LOADADDR (.data)
                0x00000080                __cy_region_init_size_ram = (_edata - ADDR (.data))
                0x00000038                __cy_region_zero_size_ram = (_end - _edata)

.heap           0x1fff8180       0x80 load address 0x00001330
                0x1fff8180                . = _end
                0x1fff8200                . = (. + 0x80)
 *fill*         0x1fff8180       0x80 
                0x1fff8200                __cy_heap_limit = .

.stack          0x20007800      0x800
                0x20007800                __cy_stack_limit = .
                0x20008000                . = (. + 0x800)
 *fill*         0x20007800      0x800 
                0x00000001                ASSERT ((__cy_stack_limit >= __cy_heap_limit), region RAM overflowed with stack)
                0x00000000                cy_checksum_exclude_size = (CY_APPL_LOADABLE == 0x1)?SIZEOF (.cy_checksum_exclude):0x0
                0x00000001                ASSERT ((cy_checksum_exclude_size <= CY_CHECKSUM_EXCLUDE_SIZE), CY_BOOT: Section .cy_checksum_exclude size exceedes specified limit.)

.cyloadermeta
 *(.cyloadermeta)

.cyloadablemeta
 *(.cyloadablemeta)

.cyconfigecc    0x80000000      0x3e8
 *(.cyconfigecc)
 .cyconfigecc   0x80000000      0x3e8 .\CortexM3\ARM_GCC_541\Debug\cymetadata.o
                0x80000000                cy_meta_configecc

.cycustnvl      0x90000000        0x4
 *(.cycustnvl)
 .cycustnvl     0x90000000        0x4 .\CortexM3\ARM_GCC_541\Debug\cymetadata.o
                0x90000000                cy_meta_custnvl

.cywolatch      0x90100000        0x4
 *(.cywolatch)
 .cywolatch     0x90100000        0x4 .\CortexM3\ARM_GCC_541\Debug\cymetadata.o
                0x90100000                cy_meta_wonvl

.cyeeprom       0x90200000        0x0
 *(.cyeeprom)
                0x00000001                ASSERT ((. <= ((0x90200000 + ee_offset) + ee_size)), .cyeeprom data will not fit in EEPROM)

.cyflashprotect
                0x90400000      0x100
 *(.cyflashprotect)
 .cyflashprotect
                0x90400000      0x100 .\CortexM3\ARM_GCC_541\Debug\cymetadata.o
                0x90400000                cy_meta_flashprotect

.cymeta         0x90500000        0xc
 *(.cymeta)
 .cymeta        0x90500000        0xc .\CortexM3\ARM_GCC_541\Debug\cymetadata.o
                0x90500000                cy_metadata

.rel.dyn        0x00001330        0x0 load address 0x9050000c
 .rel.iplt      0x00001330        0x0 d:/cypress/psoc creator/4.4/psoc creator/import/gnu/arm/5.4.1/bin/../lib/gcc/arm-none-eabi/5.4.1/armv7-m/crtbegin.o

.stab
 *(.stab)

.stabstr
 *(.stabstr)

.debug
 *(.debug)

.line
 *(.line)

.debug_srcinfo
 *(.debug_srcinfo)

.debug_sfnames
 *(.debug_sfnames)

.debug_aranges  0x00000000      0x850
 *(.debug_aranges)
 .debug_aranges
                0x00000000       0x20 .\CortexM3\ARM_GCC_541\Debug\main.o
 .debug_aranges
                0x00000020       0x58 .\CortexM3\ARM_GCC_541\Debug\cyfitter_cfg.o
 .debug_aranges
                0x00000078       0x18 .\CortexM3\ARM_GCC_541\Debug\cymetadata.o
 .debug_aranges
                0x00000090       0x48 .\CortexM3\ARM_GCC_541\Debug\Cm3Start.o
 .debug_aranges
                0x000000d8      0x2a0 .\CortexM3\ARM_GCC_541\Debug\Analog Read.a(CyLib.o)
 .debug_aranges
                0x00000378       0x98 .\CortexM3\ARM_GCC_541\Debug\Analog Read.a(cyPm.o)
 .debug_aranges
                0x00000410       0xf0 .\CortexM3\ARM_GCC_541\Debug\Analog Read.a(UART.o)
 .debug_aranges
                0x00000500       0xa8 .\CortexM3\ARM_GCC_541\Debug\Analog Read.a(ADC.o)
 .debug_aranges
                0x000005a8       0x20 .\CortexM3\ARM_GCC_541\Debug\Analog Read.a(ADC_INT.o)
 .debug_aranges
                0x000005c8       0x70 .\CortexM3\ARM_GCC_541\Debug\Analog Read.a(UART_IntClock.o)
 .debug_aranges
                0x00000638       0x80 .\CortexM3\ARM_GCC_541\Debug\Analog Read.a(ADC_theACLK.o)
 .debug_aranges
                0x000006b8       0x38 .\CortexM3\ARM_GCC_541\Debug\Analog Read.a(ack.o)
 .debug_aranges
                0x000006f0       0x38 .\CortexM3\ARM_GCC_541\Debug\Analog Read.a(no_rx.o)
 .debug_aranges
                0x00000728       0x20 .\CortexM3\ARM_GCC_541\Debug\Analog Read.a(CyBootAsmGnu.o)
 .debug_aranges
                0x00000748       0x88 .\CortexM3\ARM_GCC_541\Debug\Analog Read.a(CyFlash.o)
 .debug_aranges
                0x000007d0       0x80 .\CortexM3\ARM_GCC_541\Debug\Analog Read.a(CySpc.o)

.debug_pubnames
 *(.debug_pubnames)

.debug_info     0x00000000     0x4bb1
 *(.debug_info .gnu.linkonce.wi.*)
 .debug_info    0x00000000      0x2f9 .\CortexM3\ARM_GCC_541\Debug\main.o
 .debug_info    0x000002f9      0x619 .\CortexM3\ARM_GCC_541\Debug\cyfitter_cfg.o
 .debug_info    0x00000912      0x135 .\CortexM3\ARM_GCC_541\Debug\cymetadata.o
 .debug_info    0x00000a47      0x3bb .\CortexM3\ARM_GCC_541\Debug\Cm3Start.o
 .debug_info    0x00000e02     0x1374 .\CortexM3\ARM_GCC_541\Debug\Analog Read.a(CyLib.o)
 .debug_info    0x00002176      0xa2a .\CortexM3\ARM_GCC_541\Debug\Analog Read.a(cyPm.o)
 .debug_info    0x00002ba0      0x60c .\CortexM3\ARM_GCC_541\Debug\Analog Read.a(UART.o)
 .debug_info    0x000031ac      0x5c0 .\CortexM3\ARM_GCC_541\Debug\Analog Read.a(ADC.o)
 .debug_info    0x0000376c       0x92 .\CortexM3\ARM_GCC_541\Debug\Analog Read.a(ADC_INT.o)
 .debug_info    0x000037fe      0x283 .\CortexM3\ARM_GCC_541\Debug\Analog Read.a(UART_IntClock.o)
 .debug_info    0x00003a81      0x2c4 .\CortexM3\ARM_GCC_541\Debug\Analog Read.a(ADC_theACLK.o)
 .debug_info    0x00003d45      0x11f .\CortexM3\ARM_GCC_541\Debug\Analog Read.a(ack.o)
 .debug_info    0x00003e64      0x11f .\CortexM3\ARM_GCC_541\Debug\Analog Read.a(no_rx.o)
 .debug_info    0x00003f83       0x91 .\CortexM3\ARM_GCC_541\Debug\Analog Read.a(CyBootAsmGnu.o)
 .debug_info    0x00004014      0x64d .\CortexM3\ARM_GCC_541\Debug\Analog Read.a(CyFlash.o)
 .debug_info    0x00004661      0x550 .\CortexM3\ARM_GCC_541\Debug\Analog Read.a(CySpc.o)

.debug_abbrev   0x00000000     0x1371
 *(.debug_abbrev)
 .debug_abbrev  0x00000000       0xeb .\CortexM3\ARM_GCC_541\Debug\main.o
 .debug_abbrev  0x000000eb      0x20d .\CortexM3\ARM_GCC_541\Debug\cyfitter_cfg.o
 .debug_abbrev  0x000002f8       0x66 .\CortexM3\ARM_GCC_541\Debug\cymetadata.o
 .debug_abbrev  0x0000035e      0x1e8 .\CortexM3\ARM_GCC_541\Debug\Cm3Start.o
 .debug_abbrev  0x00000546      0x254 .\CortexM3\ARM_GCC_541\Debug\Analog Read.a(CyLib.o)
 .debug_abbrev  0x0000079a      0x1ab .\CortexM3\ARM_GCC_541\Debug\Analog Read.a(cyPm.o)
 .debug_abbrev  0x00000945      0x175 .\CortexM3\ARM_GCC_541\Debug\Analog Read.a(UART.o)
 .debug_abbrev  0x00000aba      0x1ac .\CortexM3\ARM_GCC_541\Debug\Analog Read.a(ADC.o)
 .debug_abbrev  0x00000c66       0x42 .\CortexM3\ARM_GCC_541\Debug\Analog Read.a(ADC_INT.o)
 .debug_abbrev  0x00000ca8      0x139 .\CortexM3\ARM_GCC_541\Debug\Analog Read.a(UART_IntClock.o)
 .debug_abbrev  0x00000de1      0x121 .\CortexM3\ARM_GCC_541\Debug\Analog Read.a(ADC_theACLK.o)
 .debug_abbrev  0x00000f02       0x90 .\CortexM3\ARM_GCC_541\Debug\Analog Read.a(ack.o)
 .debug_abbrev  0x00000f92       0x90 .\CortexM3\ARM_GCC_541\Debug\Analog Read.a(no_rx.o)
 .debug_abbrev  0x00001022       0x14 .\CortexM3\ARM_GCC_541\Debug\Analog Read.a(CyBootAsmGnu.o)
 .debug_abbrev  0x00001036      0x1a7 .\CortexM3\ARM_GCC_541\Debug\Analog Read.a(CyFlash.o)
 .debug_abbrev  0x000011dd      0x194 .\CortexM3\ARM_GCC_541\Debug\Analog Read.a(CySpc.o)

.debug_line     0x00000000     0x20a9
 *(.debug_line)
 .debug_line    0x00000000      0x1db .\CortexM3\ARM_GCC_541\Debug\main.o
 .debug_line    0x000001db      0x1f1 .\CortexM3\ARM_GCC_541\Debug\cyfitter_cfg.o
 .debug_line    0x000003cc      0x119 .\CortexM3\ARM_GCC_541\Debug\cymetadata.o
 .debug_line    0x000004e5      0x20c .\CortexM3\ARM_GCC_541\Debug\Cm3Start.o
 .debug_line    0x000006f1      0x816 .\CortexM3\ARM_GCC_541\Debug\Analog Read.a(CyLib.o)
 .debug_line    0x00000f07      0x367 .\CortexM3\ARM_GCC_541\Debug\Analog Read.a(cyPm.o)
 .debug_line    0x0000126e      0x2bc .\CortexM3\ARM_GCC_541\Debug\Analog Read.a(UART.o)
 .debug_line    0x0000152a      0x214 .\CortexM3\ARM_GCC_541\Debug\Analog Read.a(ADC.o)
 .debug_line    0x0000173e       0x50 .\CortexM3\ARM_GCC_541\Debug\Analog Read.a(ADC_INT.o)
 .debug_line    0x0000178e      0x17c .\CortexM3\ARM_GCC_541\Debug\Analog Read.a(UART_IntClock.o)
 .debug_line    0x0000190a      0x19d .\CortexM3\ARM_GCC_541\Debug\Analog Read.a(ADC_theACLK.o)
 .debug_line    0x00001aa7       0x90 .\CortexM3\ARM_GCC_541\Debug\Analog Read.a(ack.o)
 .debug_line    0x00001b37       0x92 .\CortexM3\ARM_GCC_541\Debug\Analog Read.a(no_rx.o)
 .debug_line    0x00001bc9       0x66 .\CortexM3\ARM_GCC_541\Debug\Analog Read.a(CyBootAsmGnu.o)
 .debug_line    0x00001c2f      0x21a .\CortexM3\ARM_GCC_541\Debug\Analog Read.a(CyFlash.o)
 .debug_line    0x00001e49      0x260 .\CortexM3\ARM_GCC_541\Debug\Analog Read.a(CySpc.o)

.debug_frame    0x00000000     0x1924
 *(.debug_frame)
 .debug_frame   0x00000000       0x2c .\CortexM3\ARM_GCC_541\Debug\main.o
 .debug_frame   0x0000002c       0xfc .\CortexM3\ARM_GCC_541\Debug\cyfitter_cfg.o
 .debug_frame   0x00000128       0xb8 .\CortexM3\ARM_GCC_541\Debug\Cm3Start.o
 .debug_frame   0x000001e0      0x738 .\CortexM3\ARM_GCC_541\Debug\Analog Read.a(CyLib.o)
 .debug_frame   0x00000918      0x1f8 .\CortexM3\ARM_GCC_541\Debug\Analog Read.a(cyPm.o)
 .debug_frame   0x00000b10      0x250 .\CortexM3\ARM_GCC_541\Debug\Analog Read.a(UART.o)
 .debug_frame   0x00000d60      0x1b0 .\CortexM3\ARM_GCC_541\Debug\Analog Read.a(ADC.o)
 .debug_frame   0x00000f10       0x20 .\CortexM3\ARM_GCC_541\Debug\Analog Read.a(ADC_INT.o)
 .debug_frame   0x00000f30       0xe0 .\CortexM3\ARM_GCC_541\Debug\Analog Read.a(UART_IntClock.o)
 .debug_frame   0x00001010      0x100 .\CortexM3\ARM_GCC_541\Debug\Analog Read.a(ADC_theACLK.o)
 .debug_frame   0x00001110       0x50 .\CortexM3\ARM_GCC_541\Debug\Analog Read.a(ack.o)
 .debug_frame   0x00001160       0x50 .\CortexM3\ARM_GCC_541\Debug\Analog Read.a(no_rx.o)
 .debug_frame   0x000011b0      0x194 .\CortexM3\ARM_GCC_541\Debug\Analog Read.a(CyFlash.o)
 .debug_frame   0x00001344      0x180 .\CortexM3\ARM_GCC_541\Debug\Analog Read.a(CySpc.o)
 .debug_frame   0x000014c4       0x44 d:/cypress/psoc creator/4.4/psoc creator/import/gnu/arm/5.4.1/bin/../lib/gcc/arm-none-eabi/5.4.1/armv7-m\libgcc.a(_aeabi_ldivmod.o)
 .debug_frame   0x00001508       0x38 d:/cypress/psoc creator/4.4/psoc creator/import/gnu/arm/5.4.1/bin/../lib/gcc/arm-none-eabi/5.4.1/armv7-m\libgcc.a(_udivmoddi4.o)
 .debug_frame   0x00001540       0x20 d:/cypress/psoc creator/4.4/psoc creator/import/gnu/arm/5.4.1/bin/../lib/gcc/arm-none-eabi/5.4.1/../../../../arm-none-eabi/lib/armv7-m\libg_nano.a(lib_a-errno.o)
 .debug_frame   0x00001560       0x28 d:/cypress/psoc creator/4.4/psoc creator/import/gnu/arm/5.4.1/bin/../lib/gcc/arm-none-eabi/5.4.1/../../../../arm-none-eabi/lib/armv7-m\libg_nano.a(lib_a-exit.o)
 .debug_frame   0x00001588       0x2c d:/cypress/psoc creator/4.4/psoc creator/import/gnu/arm/5.4.1/bin/../lib/gcc/arm-none-eabi/5.4.1/../../../../arm-none-eabi/lib/armv7-m\libg_nano.a(lib_a-init.o)
 .debug_frame   0x000015b4       0x28 d:/cypress/psoc creator/4.4/psoc creator/import/gnu/arm/5.4.1/bin/../lib/gcc/arm-none-eabi/5.4.1/../../../../arm-none-eabi/lib/armv7-m\libg_nano.a(lib_a-memcpy-stub.o)
 .debug_frame   0x000015dc       0x20 d:/cypress/psoc creator/4.4/psoc creator/import/gnu/arm/5.4.1/bin/../lib/gcc/arm-none-eabi/5.4.1/../../../../arm-none-eabi/lib/armv7-m\libg_nano.a(lib_a-memset.o)
 .debug_frame   0x000015fc       0x70 d:/cypress/psoc creator/4.4/psoc creator/import/gnu/arm/5.4.1/bin/../lib/gcc/arm-none-eabi/5.4.1/../../../../arm-none-eabi/lib/armv7-m\libg_nano.a(lib_a-sprintf.o)
 .debug_frame   0x0000166c       0x90 d:/cypress/psoc creator/4.4/psoc creator/import/gnu/arm/5.4.1/bin/../lib/gcc/arm-none-eabi/5.4.1/../../../../arm-none-eabi/lib/armv7-m\libg_nano.a(lib_a-nano-svfprintf.o)
 .debug_frame   0x000016fc       0x60 d:/cypress/psoc creator/4.4/psoc creator/import/gnu/arm/5.4.1/bin/../lib/gcc/arm-none-eabi/5.4.1/../../../../arm-none-eabi/lib/armv7-m\libg_nano.a(lib_a-nano-vfprintf_i.o)
 .debug_frame   0x0000175c       0x28 d:/cypress/psoc creator/4.4/psoc creator/import/gnu/arm/5.4.1/bin/../lib/gcc/arm-none-eabi/5.4.1/../../../../arm-none-eabi/lib/armv7-m\libg_nano.a(lib_a-memchr-stub.o)
 .debug_frame   0x00001784       0x28 d:/cypress/psoc creator/4.4/psoc creator/import/gnu/arm/5.4.1/bin/../lib/gcc/arm-none-eabi/5.4.1/../../../../arm-none-eabi/lib/armv7-m\libg_nano.a(lib_a-memmove.o)
 .debug_frame   0x000017ac       0x38 d:/cypress/psoc creator/4.4/psoc creator/import/gnu/arm/5.4.1/bin/../lib/gcc/arm-none-eabi/5.4.1/../../../../arm-none-eabi/lib/armv7-m\libg_nano.a(lib_a-nano-freer.o)
 .debug_frame   0x000017e4       0x2c d:/cypress/psoc creator/4.4/psoc creator/import/gnu/arm/5.4.1/bin/../lib/gcc/arm-none-eabi/5.4.1/../../../../arm-none-eabi/lib/armv7-m\libg_nano.a(lib_a-nano-mallocr.o)
 .debug_frame   0x00001810       0x3c d:/cypress/psoc creator/4.4/psoc creator/import/gnu/arm/5.4.1/bin/../lib/gcc/arm-none-eabi/5.4.1/../../../../arm-none-eabi/lib/armv7-m\libg_nano.a(lib_a-nano-reallocr.o)
 .debug_frame   0x0000184c       0x2c d:/cypress/psoc creator/4.4/psoc creator/import/gnu/arm/5.4.1/bin/../lib/gcc/arm-none-eabi/5.4.1/../../../../arm-none-eabi/lib/armv7-m\libg_nano.a(lib_a-sbrkr.o)
 .debug_frame   0x00001878       0x30 d:/cypress/psoc creator/4.4/psoc creator/import/gnu/arm/5.4.1/bin/../lib/gcc/arm-none-eabi/5.4.1/../../../../arm-none-eabi/lib/armv7-m\libg_nano.a(lib_a-mlock.o)
 .debug_frame   0x000018a8       0x20 d:/cypress/psoc creator/4.4/psoc creator/import/gnu/arm/5.4.1/bin/../lib/gcc/arm-none-eabi/5.4.1/../../../../arm-none-eabi/lib/armv7-m\libg_nano.a(lib_a-nano-msizer.o)
 .debug_frame   0x000018c8       0x5c d:/cypress/psoc creator/4.4/psoc creator/import/gnu/arm/5.4.1/bin/../lib/gcc/arm-none-eabi/5.4.1/../../../../arm-none-eabi/lib/armv7-m\libg_nano.a(lib_a-reent.o)

.debug_str      0x00000000     0x1b66
 *(.debug_str)
 .debug_str     0x00000000      0x264 .\CortexM3\ARM_GCC_541\Debug\main.o
                                0x2ac (size before relaxing)
 .debug_str     0x00000264      0x1bf .\CortexM3\ARM_GCC_541\Debug\cyfitter_cfg.o
                                0x34f (size before relaxing)
 .debug_str     0x00000423       0x7f .\CortexM3\ARM_GCC_541\Debug\cymetadata.o
                                0x1e5 (size before relaxing)
 .debug_str     0x000004a2      0x144 .\CortexM3\ARM_GCC_541\Debug\Cm3Start.o
                                0x30b (size before relaxing)
 .debug_str     0x000005e6      0x842 .\CortexM3\ARM_GCC_541\Debug\Analog Read.a(CyLib.o)
                                0xa48 (size before relaxing)
 .debug_str     0x00000e28      0x365 .\CortexM3\ARM_GCC_541\Debug\Analog Read.a(cyPm.o)
                                0x734 (size before relaxing)
 .debug_str     0x0000118d      0x237 .\CortexM3\ARM_GCC_541\Debug\Analog Read.a(UART.o)
                                0x476 (size before relaxing)
 .debug_str     0x000013c4      0x180 .\CortexM3\ARM_GCC_541\Debug\Analog Read.a(ADC.o)
                                0x428 (size before relaxing)
 .debug_str     0x00001544       0x29 .\CortexM3\ARM_GCC_541\Debug\Analog Read.a(ADC_INT.o)
                                0x190 (size before relaxing)
 .debug_str     0x0000156d      0x183 .\CortexM3\ARM_GCC_541\Debug\Analog Read.a(UART_IntClock.o)
                                0x337 (size before relaxing)
 .debug_str     0x000016f0      0x16e .\CortexM3\ARM_GCC_541\Debug\Analog Read.a(ADC_theACLK.o)
                                0x362 (size before relaxing)
 .debug_str     0x0000185e       0x52 .\CortexM3\ARM_GCC_541\Debug\Analog Read.a(ack.o)
                                0x1d9 (size before relaxing)
 .debug_str     0x000018b0       0x4f .\CortexM3\ARM_GCC_541\Debug\Analog Read.a(no_rx.o)
                                0x1e3 (size before relaxing)
 .debug_str     0x000018ff      0x1bb .\CortexM3\ARM_GCC_541\Debug\Analog Read.a(CyFlash.o)
                                0x3c1 (size before relaxing)
 .debug_str     0x00001aba       0xac .\CortexM3\ARM_GCC_541\Debug\Analog Read.a(CySpc.o)
                                0x339 (size before relaxing)

.debug_loc      0x00000000     0x22c8
 *(.debug_loc)
 .debug_loc     0x00000000       0x6e .\CortexM3\ARM_GCC_541\Debug\main.o
 .debug_loc     0x0000006e      0x280 .\CortexM3\ARM_GCC_541\Debug\cyfitter_cfg.o
 .debug_loc     0x000002ee      0x144 .\CortexM3\ARM_GCC_541\Debug\Cm3Start.o
 .debug_loc     0x00000432      0xa11 .\CortexM3\ARM_GCC_541\Debug\Analog Read.a(CyLib.o)
 .debug_loc     0x00000e43      0x1e4 .\CortexM3\ARM_GCC_541\Debug\Analog Read.a(cyPm.o)
 .debug_loc     0x00001027      0x258 .\CortexM3\ARM_GCC_541\Debug\Analog Read.a(UART.o)
 .debug_loc     0x0000127f      0x295 .\CortexM3\ARM_GCC_541\Debug\Analog Read.a(ADC.o)
 .debug_loc     0x00001514      0x12c .\CortexM3\ARM_GCC_541\Debug\Analog Read.a(UART_IntClock.o)
 .debug_loc     0x00001640      0x14d .\CortexM3\ARM_GCC_541\Debug\Analog Read.a(ADC_theACLK.o)
 .debug_loc     0x0000178d       0x42 .\CortexM3\ARM_GCC_541\Debug\Analog Read.a(ack.o)
 .debug_loc     0x000017cf       0x42 .\CortexM3\ARM_GCC_541\Debug\Analog Read.a(no_rx.o)
 .debug_loc     0x00001811      0x3b2 .\CortexM3\ARM_GCC_541\Debug\Analog Read.a(CyFlash.o)
 .debug_loc     0x00001bc3      0x705 .\CortexM3\ARM_GCC_541\Debug\Analog Read.a(CySpc.o)

.debug_macinfo
 *(.debug_macinfo)

.debug_ranges   0x00000000      0x738
 *(.debug_ranges)
 .debug_ranges  0x00000000       0x10 .\CortexM3\ARM_GCC_541\Debug\main.o
 .debug_ranges  0x00000010       0x48 .\CortexM3\ARM_GCC_541\Debug\cyfitter_cfg.o
 .debug_ranges  0x00000058       0x38 .\CortexM3\ARM_GCC_541\Debug\Cm3Start.o
 .debug_ranges  0x00000090      0x290 .\CortexM3\ARM_GCC_541\Debug\Analog Read.a(CyLib.o)
 .debug_ranges  0x00000320       0x88 .\CortexM3\ARM_GCC_541\Debug\Analog Read.a(cyPm.o)
 .debug_ranges  0x000003a8       0xe0 .\CortexM3\ARM_GCC_541\Debug\Analog Read.a(UART.o)
 .debug_ranges  0x00000488       0x98 .\CortexM3\ARM_GCC_541\Debug\Analog Read.a(ADC.o)
 .debug_ranges  0x00000520       0x10 .\CortexM3\ARM_GCC_541\Debug\Analog Read.a(ADC_INT.o)
 .debug_ranges  0x00000530       0x60 .\CortexM3\ARM_GCC_541\Debug\Analog Read.a(UART_IntClock.o)
 .debug_ranges  0x00000590       0x70 .\CortexM3\ARM_GCC_541\Debug\Analog Read.a(ADC_theACLK.o)
 .debug_ranges  0x00000600       0x28 .\CortexM3\ARM_GCC_541\Debug\Analog Read.a(ack.o)
 .debug_ranges  0x00000628       0x28 .\CortexM3\ARM_GCC_541\Debug\Analog Read.a(no_rx.o)
 .debug_ranges  0x00000650       0x78 .\CortexM3\ARM_GCC_541\Debug\Analog Read.a(CyFlash.o)
 .debug_ranges  0x000006c8       0x70 .\CortexM3\ARM_GCC_541\Debug\Analog Read.a(CySpc.o)

.comment        0x00000000       0x6e
 .comment       0x00000000       0x6e .\CortexM3\ARM_GCC_541\Debug\main.o
                                 0x6f (size before relaxing)
 .comment       0x0000006e       0x6f .\CortexM3\ARM_GCC_541\Debug\cyfitter_cfg.o
 .comment       0x0000006e       0x6f .\CortexM3\ARM_GCC_541\Debug\cymetadata.o
 .comment       0x0000006e       0x6f .\CortexM3\ARM_GCC_541\Debug\Cm3Start.o
 .comment       0x0000006e       0x6f .\CortexM3\ARM_GCC_541\Debug\Analog Read.a(CyLib.o)
 .comment       0x0000006e       0x6f .\CortexM3\ARM_GCC_541\Debug\Analog Read.a(cyPm.o)
 .comment       0x0000006e       0x6f .\CortexM3\ARM_GCC_541\Debug\Analog Read.a(UART.o)
 .comment       0x0000006e       0x6f .\CortexM3\ARM_GCC_541\Debug\Analog Read.a(ADC.o)
 .comment       0x0000006e       0x6f .\CortexM3\ARM_GCC_541\Debug\Analog Read.a(ADC_INT.o)
 .comment       0x0000006e       0x6f .\CortexM3\ARM_GCC_541\Debug\Analog Read.a(UART_IntClock.o)
 .comment       0x0000006e       0x6f .\CortexM3\ARM_GCC_541\Debug\Analog Read.a(ADC_theACLK.o)
 .comment       0x0000006e       0x6f .\CortexM3\ARM_GCC_541\Debug\Analog Read.a(ack.o)
 .comment       0x0000006e       0x6f .\CortexM3\ARM_GCC_541\Debug\Analog Read.a(no_rx.o)
 .comment       0x0000006e       0x6f .\CortexM3\ARM_GCC_541\Debug\Analog Read.a(CyFlash.o)
 .comment       0x0000006e       0x6f .\CortexM3\ARM_GCC_541\Debug\Analog Read.a(CySpc.o)

.debug_weaknames
 *(.debug_weaknames)

.debug_funcnames
 *(.debug_funcnames)

.debug_typenames
 *(.debug_typenames)

.debug_varnames
 *(.debug_varnames)

.note.gnu.arm.ident
 *(.note.gnu.arm.ident)

.ARM.attributes
                0x00000000       0x29
 *(.ARM.attributes)
 .ARM.attributes
                0x00000000       0x1d d:/cypress/psoc creator/4.4/psoc creator/import/gnu/arm/5.4.1/bin/../lib/gcc/arm-none-eabi/5.4.1/armv7-m/crti.o
 .ARM.attributes
                0x0000001d       0x2d d:/cypress/psoc creator/4.4/psoc creator/import/gnu/arm/5.4.1/bin/../lib/gcc/arm-none-eabi/5.4.1/armv7-m/crtbegin.o
 .ARM.attributes
                0x0000004a       0x1b d:/cypress/psoc creator/4.4/psoc creator/import/gnu/arm/5.4.1/bin/../lib/gcc/arm-none-eabi/5.4.1/../../../../arm-none-eabi/lib/armv7-m/crt0.o
 .ARM.attributes
                0x00000065       0x33 .\CortexM3\ARM_GCC_541\Debug\main.o
 .ARM.attributes
                0x00000098       0x33 .\CortexM3\ARM_GCC_541\Debug\cyfitter_cfg.o
 .ARM.attributes
                0x000000cb       0x33 .\CortexM3\ARM_GCC_541\Debug\cymetadata.o
 .ARM.attributes
                0x000000fe       0x33 .\CortexM3\ARM_GCC_541\Debug\Cm3Start.o
 .ARM.attributes
                0x00000131       0x33 .\CortexM3\ARM_GCC_541\Debug\Analog Read.a(CyLib.o)
 .ARM.attributes
                0x00000164       0x33 .\CortexM3\ARM_GCC_541\Debug\Analog Read.a(cyPm.o)
 .ARM.attributes
                0x00000197       0x33 .\CortexM3\ARM_GCC_541\Debug\Analog Read.a(UART.o)
 .ARM.attributes
                0x000001ca       0x33 .\CortexM3\ARM_GCC_541\Debug\Analog Read.a(ADC.o)
 .ARM.attributes
                0x000001fd       0x33 .\CortexM3\ARM_GCC_541\Debug\Analog Read.a(ADC_INT.o)
 .ARM.attributes
                0x00000230       0x33 .\CortexM3\ARM_GCC_541\Debug\Analog Read.a(UART_IntClock.o)
 .ARM.attributes
                0x00000263       0x33 .\CortexM3\ARM_GCC_541\Debug\Analog Read.a(ADC_theACLK.o)
 .ARM.attributes
                0x00000296       0x33 .\CortexM3\ARM_GCC_541\Debug\Analog Read.a(ack.o)
 .ARM.attributes
                0x000002c9       0x33 .\CortexM3\ARM_GCC_541\Debug\Analog Read.a(no_rx.o)
 .ARM.attributes
                0x000002fc       0x21 .\CortexM3\ARM_GCC_541\Debug\Analog Read.a(CyBootAsmGnu.o)
 .ARM.attributes
                0x0000031d       0x33 .\CortexM3\ARM_GCC_541\Debug\Analog Read.a(CyFlash.o)
 .ARM.attributes
                0x00000350       0x33 .\CortexM3\ARM_GCC_541\Debug\Analog Read.a(CySpc.o)
 .ARM.attributes
                0x00000383       0x1d d:/cypress/psoc creator/4.4/psoc creator/import/gnu/arm/5.4.1/bin/../lib/gcc/arm-none-eabi/5.4.1/armv7-m\libgcc.a(_arm_addsubsf3.o)
 .ARM.attributes
                0x000003a0       0x1d d:/cypress/psoc creator/4.4/psoc creator/import/gnu/arm/5.4.1/bin/../lib/gcc/arm-none-eabi/5.4.1/armv7-m\libgcc.a(_arm_muldivsf3.o)
 .ARM.attributes
                0x000003bd       0x1d d:/cypress/psoc creator/4.4/psoc creator/import/gnu/arm/5.4.1/bin/../lib/gcc/arm-none-eabi/5.4.1/armv7-m\libgcc.a(_aeabi_ldivmod.o)
 .ARM.attributes
                0x000003da       0x2d d:/cypress/psoc creator/4.4/psoc creator/import/gnu/arm/5.4.1/bin/../lib/gcc/arm-none-eabi/5.4.1/armv7-m\libgcc.a(_udivmoddi4.o)
 .ARM.attributes
                0x00000407       0x1d d:/cypress/psoc creator/4.4/psoc creator/import/gnu/arm/5.4.1/bin/../lib/gcc/arm-none-eabi/5.4.1/armv7-m\libgcc.a(_dvmd_tls.o)
 .ARM.attributes
                0x00000424       0x2d d:/cypress/psoc creator/4.4/psoc creator/import/gnu/arm/5.4.1/bin/../lib/gcc/arm-none-eabi/5.4.1/../../../../arm-none-eabi/lib/armv7-m\libg_nano.a(lib_a-errno.o)
 .ARM.attributes
                0x00000451       0x2d d:/cypress/psoc creator/4.4/psoc creator/import/gnu/arm/5.4.1/bin/../lib/gcc/arm-none-eabi/5.4.1/../../../../arm-none-eabi/lib/armv7-m\libg_nano.a(lib_a-exit.o)
 .ARM.attributes
                0x0000047e       0x2d d:/cypress/psoc creator/4.4/psoc creator/import/gnu/arm/5.4.1/bin/../lib/gcc/arm-none-eabi/5.4.1/../../../../arm-none-eabi/lib/armv7-m\libg_nano.a(lib_a-impure.o)
 .ARM.attributes
                0x000004ab       0x2d d:/cypress/psoc creator/4.4/psoc creator/import/gnu/arm/5.4.1/bin/../lib/gcc/arm-none-eabi/5.4.1/../../../../arm-none-eabi/lib/armv7-m\libg_nano.a(lib_a-init.o)
 .ARM.attributes
                0x000004d8       0x2d d:/cypress/psoc creator/4.4/psoc creator/import/gnu/arm/5.4.1/bin/../lib/gcc/arm-none-eabi/5.4.1/../../../../arm-none-eabi/lib/armv7-m\libg_nano.a(lib_a-memcpy-stub.o)
 .ARM.attributes
                0x00000505       0x2d d:/cypress/psoc creator/4.4/psoc creator/import/gnu/arm/5.4.1/bin/../lib/gcc/arm-none-eabi/5.4.1/../../../../arm-none-eabi/lib/armv7-m\libg_nano.a(lib_a-memset.o)
 .ARM.attributes
                0x00000532       0x2d d:/cypress/psoc creator/4.4/psoc creator/import/gnu/arm/5.4.1/bin/../lib/gcc/arm-none-eabi/5.4.1/../../../../arm-none-eabi/lib/armv7-m\libg_nano.a(lib_a-sprintf.o)
 .ARM.attributes
                0x0000055f       0x2d d:/cypress/psoc creator/4.4/psoc creator/import/gnu/arm/5.4.1/bin/../lib/gcc/arm-none-eabi/5.4.1/../../../../arm-none-eabi/lib/armv7-m\libg_nano.a(lib_a-nano-svfprintf.o)
 .ARM.attributes
                0x0000058c       0x2d d:/cypress/psoc creator/4.4/psoc creator/import/gnu/arm/5.4.1/bin/../lib/gcc/arm-none-eabi/5.4.1/../../../../arm-none-eabi/lib/armv7-m\libg_nano.a(lib_a-nano-vfprintf_i.o)
 .ARM.attributes
                0x000005b9       0x2d d:/cypress/psoc creator/4.4/psoc creator/import/gnu/arm/5.4.1/bin/../lib/gcc/arm-none-eabi/5.4.1/../../../../arm-none-eabi/lib/armv7-m\libg_nano.a(lib_a-memchr-stub.o)
 .ARM.attributes
                0x000005e6       0x2d d:/cypress/psoc creator/4.4/psoc creator/import/gnu/arm/5.4.1/bin/../lib/gcc/arm-none-eabi/5.4.1/../../../../arm-none-eabi/lib/armv7-m\libg_nano.a(lib_a-memmove.o)
 .ARM.attributes
                0x00000613       0x2d d:/cypress/psoc creator/4.4/psoc creator/import/gnu/arm/5.4.1/bin/../lib/gcc/arm-none-eabi/5.4.1/../../../../arm-none-eabi/lib/armv7-m\libg_nano.a(lib_a-nano-freer.o)
 .ARM.attributes
                0x00000640       0x2d d:/cypress/psoc creator/4.4/psoc creator/import/gnu/arm/5.4.1/bin/../lib/gcc/arm-none-eabi/5.4.1/../../../../arm-none-eabi/lib/armv7-m\libg_nano.a(lib_a-nano-mallocr.o)
 .ARM.attributes
                0x0000066d       0x2d d:/cypress/psoc creator/4.4/psoc creator/import/gnu/arm/5.4.1/bin/../lib/gcc/arm-none-eabi/5.4.1/../../../../arm-none-eabi/lib/armv7-m\libg_nano.a(lib_a-nano-reallocr.o)
 .ARM.attributes
                0x0000069a       0x2d d:/cypress/psoc creator/4.4/psoc creator/import/gnu/arm/5.4.1/bin/../lib/gcc/arm-none-eabi/5.4.1/../../../../arm-none-eabi/lib/armv7-m\libg_nano.a(lib_a-sbrkr.o)
 .ARM.attributes
                0x000006c7       0x2d d:/cypress/psoc creator/4.4/psoc creator/import/gnu/arm/5.4.1/bin/../lib/gcc/arm-none-eabi/5.4.1/../../../../arm-none-eabi/lib/armv7-m\libg_nano.a(lib_a-mlock.o)
 .ARM.attributes
                0x000006f4       0x2d d:/cypress/psoc creator/4.4/psoc creator/import/gnu/arm/5.4.1/bin/../lib/gcc/arm-none-eabi/5.4.1/../../../../arm-none-eabi/lib/armv7-m\libg_nano.a(lib_a-nano-msizer.o)
 .ARM.attributes
                0x00000721       0x2d d:/cypress/psoc creator/4.4/psoc creator/import/gnu/arm/5.4.1/bin/../lib/gcc/arm-none-eabi/5.4.1/../../../../arm-none-eabi/lib/armv7-m\libg_nano.a(lib_a-reent.o)
 .ARM.attributes
                0x0000074e       0x2d d:/cypress/psoc creator/4.4/psoc creator/import/gnu/arm/5.4.1/bin/../lib/gcc/arm-none-eabi/5.4.1/armv7-m/crtend.o
 .ARM.attributes
                0x0000077b       0x1d d:/cypress/psoc creator/4.4/psoc creator/import/gnu/arm/5.4.1/bin/../lib/gcc/arm-none-eabi/5.4.1/armv7-m/crtn.o

/DISCARD/
 *(.note.GNU-stack)
OUTPUT(D:\UPBC\USER\esp-idf\projects\DAQ Example\Analog Read.cydsn\CortexM3\ARM_GCC_541\Debug\Analog Read.elf elf32-littlearm)
